// Jest Snapshot v1, https://goo.gl/fbAQLP

exports[`compare/contrast snapshot testing user matches 1`] = `
Object {
  "age": 42,
  "job": "inventor",
  "name": "Tony Tinkertons",
}
`;
